5
4
3
2
1
Success!
6
5
4
3
2
Fail 1
6
5
4
3
Fail 2
10
9
8
7
6
5
Fail > 2
