0. Iteracia
Aspon raz
Pred continue
Pred continue
Pred continue
Pred continue
Pred continue
Koniec?
1. Iteracia
Koniec?
