0
10
9
8
7
6
1
10
9
8
7
6
2
10
9
8
7
6
3
10
9
8
7
6
4
10
9
8
7
6
