Toto je dlhy text Toto je dlhy text , este dlhsi retazec koniec.
13