Napis retazec abc
Teraz napis abcdef
Uspesne si dokoncil test 4 !!!
