Nacital som: 1.258 , 5
Zavolam funkciu Add
5 1.258 1.25
6.5725
Vysledok Add: 6.5725
