Pozice retezce "text" v retezci str2: 15
Zadejte nejakou posloupnost vsech malych pismen a-h, pricemz se pismena nesmeji v posloupnosti opakovat:Spatne zadana posloupnost, zkuste znovu: