Zadejte cislo pro vypocet faktorialu: Vysledek: 120 (zaporny: -120)
