0
2

2.589

200000
2e-05
200000
2e-05
200000
200000

258900
2.589e-05
258900
2.589e-05
258900
258900
