a: 10
b: 10
b: 9
b: 8
b: 7
b: 6
a: 9
b: 10
b: 9
b: 8
b: 7
b: 6
a: 8
b: 10
b: 9
b: 8
b: 7
b: 6
a: 7
b: 10
b: 9
b: 8
b: 7
b: 6
a: 6
b: 10
b: 9
b: 8
b: 7
b: 6
Vysledok: 2.58
