Spravne a
Spravne b: 2.5
Spravne b: 2
Spravne b: 1.5
Spravne b: 1
Spravne b: 0.5
Vysledok: 2.58
