Fib recursively: 987
Fib iteratively: 987
OK: 987 == 987
********************************************************************************
**********          **********                    **********          **********
**********          **********                    **********          **********
**********          **********          ********************          **********
**********          **********          ********************          **********
**********          **********               ***************          **********
**********          **********               ***************          **********
**********          **********          ********************          **********
**********          **********          ********************          **********
**********          **********          **************             *************
**********          **********          **************          ****************
********************************************************************************
******************************* SsYoloSwag41.Inc *******************************
OK: found pattern Correct!
